// 同步 ID: 9bab98e6 @ Wed Jul  8 10:16:10 UTC 2026
// 同步 ID: 184cb4ec @ Thu Jul  9 10:52:56 UTC 2026
// 重构日志: b4d1aff9
// 同步 ID: 92b49011 @ Sat Jul 11 11:33:23 UTC 2026
// 重构日志: 425ab520
// 重构日志: ec122824
// 重构日志: f12f392d
// 重构日志: 415c43b2
// 重构日志: f6d87e5f
// 重构日志: ffa6629f
// 重构日志: 797b3ea0
// 重构日志: b15554c3
// 同步 ID: 8631e1e8 @ Thu Jul 16 18:34:29 UTC 2026
// 同步 ID: e552b5eb @ Sat Jul 18 21:11:35 UTC 2026
// 重构日志: 88e5f1a4
// 同步 ID: 71b3a526 @ Fri Jul 24 18:57:16 UTC 2026
// 同步 ID: 78ac68d1 @ Sat Jul 25 16:28:43 UTC 2026
// 同步 ID: 676d5236 @ Wed Jul 29 20:43:21 UTC 2026
// 重构日志: 870d93d1
// 同步 ID: 559f5878 @ Sat Aug  1 07:17:57 UTC 2026
// 重构日志: effb3348
// 重构日志: 72357520
// 重构日志: 2814a1f8
// 重构日志: ea732831
// 同步 ID: 874378cd @ Fri Aug  7 08:41:16 UTC 2026
// 同步 ID: 4bc5e1ad @ Fri Aug  7 12:19:23 UTC 2026
// 同步 ID: c7e9cd6b @ Fri Aug  7 15:32:42 UTC 2026
// 重构日志: bea96d8c
// 重构日志: f2249add
